// Jest Snapshot v1, https://goo.gl/fbAQLP

exports[`product detail page 1`] = `
<div>
  <main
    class="flex flex-col h-screen"
  >
    <div
      class="container mx-auto px-6"
    >
      <header
        class="border-b-gray-200 border-b pb-6 sticky top-0 bg-pageBackground z-50"
      >
        <nav
          class="flex items-center justify-between flex-wrap mb-4"
        >
          <div
            class="flex items-center flex-no-shrink text-white mr-6"
          >
            <a
              href="/en-US"
            >
              <div
                class="text-black py-6 pb-6 "
              >
                <svg
                  aria-label="Commerce Layer logomark"
                  class="m-1 inline"
                  width="32"
                />
                <svg
                  aria-label="Commerce Layer logotype"
                  class="ml-2 hidden md:inline"
                  width="192"
                />
              </div>
            </a>
          </div>
          <div
            class="flex items-center w-auto flex-grow justify-end"
          />
        </nav>
        <div
          class="flex items-center justify-between flex-wrap gap-4 relative"
        >
          <div
            class="order-2 lg:order-1"
          >
            <nav
              class="hidden lg:block lg:relative absolute right-0 top-full w-full z-10 flex-col bg-pageBackground py-4 lg:py-0"
            >
              <a
                class="text-back font-bold py-2 px-3 my-2 mx-1 transition-colors duration-300 bg-transparent"
                href="/en-US/search/taxon-slug-1"
              >
                Label for 1
              </a>
            </nav>
            <button
              aria-controls="menu"
              aria-label="Open menu"
              class="w-11 h-11 flex flex-col items-center justify-center space-y-1 bg-black rounded block lg:hidden"
              type="button"
            >
              <span
                class="w-4 h-0.5 bg-white"
              />
              <span
                class="w-4 h-0.5 bg-white"
              />
              <span
                class="w-4 h-0.5 bg-white"
              />
            </button>
          </div>
          <div
            class="order-1 grow lg:grow-0"
          >
            <label
              class="relative py-2.5 rounded bg-gray-100 text-gray-400 focus-within:text-gray-600 block"
              for="email"
            >
              <svg
                class="pointer-events-none w-6 h-6 absolute top-1/2 transform -translate-y-1/2 left-3"
              />
              <form
                action="/en-US/search"
              >
                <input
                  class="form-input appearance-none bg-transparent w-full pl-14 focus:outline-none focus:shadow-outline"
                  placeholder="search"
                  value=""
                />
              </form>
            </label>
          </div>
        </div>
      </header>
      <div
        class="flex flex-col lg:flex-row gap-6 lg:gap-24 xl:gap-48 mt-12 lg:mt-24"
      >
        <div
          class=" basis-1/2"
        >
          <div
            class="swiper swiper-initialized swiper-horizontal carousel"
          >
            <div
              class="swiper-wrapper"
              style="transition-duration: 0ms; transform: translate3d(NaNpx, 0px, 0px);"
            >
              <div
                class="swiper-slide select-none"
              >
                <img
                  alt="Translation for en - Black Baby Short Sleeve Bodysuit with White Logo"
                  class="w-full"
                  src="https://data.commercelayer.app/seed/images/skus/BODYBSSS000000FFFFFF12MX_FLAT.png"
                />
              </div>
            </div>
            <div
              class="swiper-button-prev"
            />
            <div
              class="swiper-button-next"
            />
            <div
              class="swiper-pagination swiper-pagination-bullets swiper-pagination-horizontal"
            />
          </div>
        </div>
        <div
          class="grow-0 shrink-1 basis-1/2"
        >
          <h1
            class="text-3xl mb-6"
          >
            Translation for en - Black Baby Short Sleeve Bodysuit with White Logo
          </h1>
          <div
            class="min-h-[30px]"
          />
          <hr
            class="text-gray-100 my-8"
          />
          <div>
            <div
              class="my-6"
            >
              <p
                class="text-gray-800 text-lg font-semibold"
              >
                Colors
              </p>
              <button
                class="w-12 h-12 rounded-full inline-flex items-center justify-center my-1 mr-2 border border-gray-300 bg-gray-100"
              >
                <div
                  class="w-8 h-8 border border-gray-600 rounded-full bg-contain"
                >
                  <span
                    class="sr-only"
                  >
                    000000
                  </span>
                </div>
              </button>
              <button
                class="w-12 h-12 rounded-full inline-flex items-center justify-center my-1 mr-2 "
              >
                <div
                  class="w-8 h-8 border border-gray-600 rounded-full bg-contain"
                >
                  <span
                    class="sr-only"
                  >
                    FFFFFF
                  </span>
                </div>
              </button>
            </div>
            <div
              class="my-6"
            >
              <p
                class="text-gray-800 text-lg font-semibold"
              >
                Choose size
              </p>
              <button
                class="my-2 mr-2 rounded py-2 px-4 bg-black text-white"
              >
                12 months
              </button>
              <button
                class="my-2 mr-2 rounded py-2 px-4 bg-gray-100 text-gray-500"
              >
                6 months
              </button>
            </div>
          </div>
          <div
            class="border-b border-b-gray-400 mt-12"
          >
            <div
              class="flex flex-col"
              data-testid="product-detail"
            >
              <button
                class="accordion-title py-6 box-border border-t border-t-gray-400 appearance-none cursor-pointer focus:outline-none flex items-center justify-between"
                data-testid="accordion-title"
              >
                <div
                  class="inline-block text-footnote light"
                >
                  <div
                    class="font-extrabold"
                  >
                    Product info
                  </div>
                </div>
                <div
                  class="accordion-icon"
                >
                  +
                </div>
              </button>
              <div
                class="accordion-content overflow-hidden transition-all max-h-0 duration-400 ease-in-out"
                data-testid="accordion-content"
                style="max-height: 0px;"
              >
                <div
                  class="border-t border-t-gray-100"
                >
                  <div
                    class="mt-6 mb-8"
                  >
                    Translation for en - This comfortable baby one-piece is made of 100% combed ring-spun cotton except for heather grey color, which contains polyester. The lap shoulders ensure that the bodysuit can be easily put on and taken off, making for easy changing.
                  </div>
                </div>
              </div>
            </div>
            <div
              class="flex flex-col"
              data-testid="product-detail"
            >
              <button
                class="accordion-title py-6 box-border border-t border-t-gray-400 appearance-none cursor-pointer focus:outline-none flex items-center justify-between"
                data-testid="accordion-title"
              >
                <div
                  class="inline-block text-footnote light"
                >
                  <div
                    class="font-extrabold"
                  >
                    Details
                  </div>
                </div>
                <div
                  class="accordion-icon"
                >
                  +
                </div>
              </button>
              <div
                class="accordion-content overflow-hidden transition-all max-h-0 duration-400 ease-in-out"
                data-testid="accordion-content"
                style="max-height: 0px;"
              >
                <div
                  class="border-t border-t-gray-100"
                >
                  <div
                    class="mt-6 mb-8"
                  >
                    Text for "details"
                  </div>
                </div>
              </div>
            </div>
          </div>
        </div>
      </div>
    </div>
    <div
      class="flex-grow py-8 lg:p-16 mt-24 bg-gray-50"
    >
      <div
        class="container mx-auto px-6"
      >
        <div
          class="lg:flex items-center justify-between flex-wrap"
        >
          <div>
            <div
              class="flex items-center justify-between"
            >
              <span
                class="flex items-center"
              >
                <svg
                  class="mr-1.5"
                />
                 
                International
              </span>
              <a
                class="uppercase text-violet-400 text-xs border-b border-gray-200 ml-3 mt-1"
                href="/"
              >
                Choose country
              </a>
            </div>
          </div>
          <div
            class="mt-6 lg:mt-0"
          >
            <select
              class=" inputSelect"
            >
              <option
                selected=""
                value="en"
              >
                English
              </option>
              <option
                value="it"
              >
                Italiano
              </option>
            </select>
          </div>
        </div>
        <div
          class="mt-6 py-6 border-y border-y-gray-100 text-xs flex flex-col md:flex-row md:divide-x"
        >
          <div
            class="py-2 md:py-0 md:pr-4"
          >
            <a
              href="/en-US/shipping-and-payments"
            >
              Shipping & Payments
            </a>
          </div>
          <div
            class="py-2 md:py-0 md:px-4"
          >
            <a
              href="/en-US/returns"
            >
              Returns
            </a>
          </div>
          <div
            class="py-2 md:py-0 md:px-4"
          >
            <a
              href="/en-US/terms-and-conditions"
            >
              Terms and conditions
            </a>
          </div>
          <div
            class="py-2 md:py-0 md:px-4"
          >
            <a
              href="/en-US/cookies-and-privacy"
            >
              Cookies and privacy
            </a>
          </div>
        </div>
        <div
          class="mt-12 flex justify-between items-center flex-col gap-6 md:flex-row"
        >
          <div
            class="text-gray-500 flex gap-4 items-start"
          >
            <svg
              aria-label="Commerce Layer logomark"
              width="32"
            />
            <div
              class="text-xs leading-relaxed"
            >
              Copyright © 2022. Commerce Layer, Inc.
              <br />
              2965 Woodside Road, Woodside, CA 94062
              <br />
            </div>
          </div>
          <div
            class="text-gray-500 flex gap-4 items-start grayscale"
          >
            <svg />
            <svg />
            <svg />
            <svg />
            <svg />
            <svg />
          </div>
        </div>
      </div>
    </div>
  </main>
</div>
`;
