// Jest Snapshot v1, https://goo.gl/fbAQLP

exports[`CustomPage component 1`] = `
<div>
  <main
    class="flex flex-col h-screen"
  >
    <div
      class="container mx-auto px-6"
    >
      <header
        class="border-b-gray-200 border-b pb-6 sticky top-0 bg-pageBackground z-50"
      >
        <nav
          class="flex items-center justify-between flex-wrap mb-4"
        >
          <div
            class="flex items-center flex-no-shrink text-white mr-6"
          >
            <a
              href="/en-US"
            >
              <div
                class="text-black py-6 pb-6 "
              >
                <svg
                  aria-label="Commerce Layer logomark"
                  class="m-1 inline"
                  width="32"
                />
                <svg
                  aria-label="Commerce Layer logotype"
                  class="ml-2 hidden md:inline"
                  width="192"
                />
              </div>
            </a>
          </div>
          <div
            class="flex items-center w-auto flex-grow justify-end"
          />
        </nav>
        <div
          class="flex items-center justify-between flex-wrap gap-4 relative"
        >
          <div
            class="order-2 lg:order-1"
          >
            <nav
              class="hidden lg:block lg:relative absolute right-0 top-full w-full z-10 flex-col bg-pageBackground py-4 lg:py-0"
            >
              <a
                class="text-back font-bold py-2 px-3 my-2 mx-1 transition-colors duration-300 bg-transparent"
                href="/en-US/search/taxon-slug-1"
              >
                Label for 1
              </a>
            </nav>
            <button
              aria-controls="menu"
              aria-label="Open menu"
              class="w-11 h-11 flex flex-col items-center justify-center space-y-1 bg-black rounded block lg:hidden"
              type="button"
            >
              <span
                class="w-4 h-0.5 bg-white"
              />
              <span
                class="w-4 h-0.5 bg-white"
              />
              <span
                class="w-4 h-0.5 bg-white"
              />
            </button>
          </div>
          <div
            class="order-1 grow lg:grow-0"
          >
            <label
              class="relative py-2.5 rounded bg-gray-100 text-gray-400 focus-within:text-gray-600 block"
              for="email"
            >
              <svg
                class="pointer-events-none w-6 h-6 absolute top-1/2 transform -translate-y-1/2 left-3"
              />
              <form
                action="/en-US/search"
              >
                <input
                  class="form-input appearance-none bg-transparent w-full pl-14 focus:outline-none focus:shadow-outline"
                  placeholder="search"
                  value=""
                />
              </form>
            </label>
          </div>
        </div>
      </header>
      <div
        class="mt-8 flex flex-col gap-8"
        data-testid="page-components"
      >
        <div
          class="flex items-center py-8 relative border-b-gray-200 border-b mb-10"
        >
          <h1
            class="text-2xl flex-auto font-semibold text-black py-1"
          >
            Page title
          </h1>
        </div>
        <div
          data-testid="carousel-page-component"
        >
          <div
            class="swiper swiper-initialized swiper-horizontal carousel"
          >
            <div
              class="swiper-wrapper"
              style="transition-duration: 0ms; transform: translate3d(NaNpx, 0px, 0px);"
            >
              <div
                class="swiper-slide select-none"
              >
                <div
                  class="relative rounded-lg overflow-hidden w-full max-h-[70vh] min-h-[24rem]"
                >
                  <img
                    alt="slide-1-image-alt-1"
                    class="object-cover object-center w-full rounded-lg"
                    src="slide-1-image-src-1"
                  />
                  <div
                    class="hidden md:block absolute inset-0 bg-gradient-to-b from-black to-black/0 opacity-50"
                  />
                  <div
                    class="flex justify-center relative -top-4 md:text-white md:absolute md:pr-10 md:top-1/2 md:right-0 md:w-1/2 md:-translate-y-1/2"
                  >
                    <div
                      class="bg-white w-11/12 rounded-md flex justify-center py-4 md:bg-transparent"
                    >
                      <div
                        class="w-11/12"
                      >
                        <div
                          class="font-bold text-xl md:text-3xl mb-4"
                        >
                          slide-1-title-1
                        </div>
                        <div
                          class="leading-snug mb-4"
                        >
                          slide-1-description-1
                        </div>
                        <a
                          class="py-2 px-4 inline-block font-semibold rounded-md bg-violet-400 text-white text-sm w-full text-center md:w-auto"
                          href="/en-USslide-1-linkHref-1"
                        >
                          slide-1-linkLabel-1
                        </a>
                      </div>
                    </div>
                  </div>
                </div>
              </div>
              <div
                class="swiper-slide select-none"
              >
                <div
                  class="relative rounded-lg overflow-hidden w-full max-h-[70vh] min-h-[24rem]"
                >
                  <img
                    alt="slide-2-image-alt-1"
                    class="object-cover object-center w-full rounded-lg"
                    src="slide-2-image-src-1"
                  />
                  <div
                    class="hidden md:block absolute inset-0 bg-gradient-to-b from-black to-black/0 opacity-50"
                  />
                  <div
                    class="flex justify-center relative -top-4 md:text-white md:absolute md:pr-10 md:top-1/2 md:right-0 md:w-1/2 md:-translate-y-1/2"
                  >
                    <div
                      class="bg-white w-11/12 rounded-md flex justify-center py-4 md:bg-transparent"
                    >
                      <div
                        class="w-11/12"
                      >
                        <div
                          class="font-bold text-xl md:text-3xl mb-4"
                        >
                          slide-2-title-1
                        </div>
                        <div
                          class="leading-snug mb-4"
                        >
                          slide-2-description-1
                        </div>
                        <a
                          class="py-2 px-4 inline-block font-semibold rounded-md bg-violet-400 text-white text-sm w-full text-center md:w-auto"
                          href="/en-USslide-2-linkHref-1"
                        >
                          slide-2-linkLabel-1
                        </a>
                      </div>
                    </div>
                  </div>
                </div>
              </div>
            </div>
            <div
              class="swiper-button-prev"
            />
            <div
              class="swiper-button-next"
            />
            <div
              class="swiper-pagination swiper-pagination-bullets swiper-pagination-horizontal"
            />
          </div>
        </div>
      </div>
    </div>
    <div
      class="flex-grow py-8 lg:p-16 mt-24 bg-gray-50"
    >
      <div
        class="container mx-auto px-6"
      >
        <div
          class="lg:flex items-center justify-between flex-wrap"
        >
          <div>
            <div
              class="flex items-center justify-between"
            >
              <span
                class="flex items-center"
              >
                <svg
                  class="mr-1.5"
                />
                 
                International
              </span>
              <a
                class="uppercase text-violet-400 text-xs border-b border-gray-200 ml-3 mt-1"
                href="/"
              >
                Choose country
              </a>
            </div>
          </div>
          <div
            class="mt-6 lg:mt-0"
          >
            <select
              class=" inputSelect"
            >
              <option
                selected=""
                value="en"
              >
                English
              </option>
              <option
                value="it"
              >
                Italiano
              </option>
            </select>
          </div>
        </div>
        <div
          class="mt-6 py-6 border-y border-y-gray-100 text-xs flex flex-col md:flex-row md:divide-x"
        >
          <div
            class="py-2 md:py-0 md:pr-4"
          >
            <a
              href="/en-US/shipping-and-payments"
            >
              Shipping & Payments
            </a>
          </div>
          <div
            class="py-2 md:py-0 md:px-4"
          >
            <a
              href="/en-US/returns"
            >
              Returns
            </a>
          </div>
          <div
            class="py-2 md:py-0 md:px-4"
          >
            <a
              href="/en-US/terms-and-conditions"
            >
              Terms and conditions
            </a>
          </div>
          <div
            class="py-2 md:py-0 md:px-4"
          >
            <a
              href="/en-US/cookies-and-privacy"
            >
              Cookies and privacy
            </a>
          </div>
        </div>
        <div
          class="mt-12 flex justify-between items-center flex-col gap-6 md:flex-row"
        >
          <div
            class="text-gray-500 flex gap-4 items-start"
          >
            <svg
              aria-label="Commerce Layer logomark"
              width="32"
            />
            <div
              class="text-xs leading-relaxed"
            >
              Copyright © 2022. Commerce Layer, Inc.
              <br />
              2965 Woodside Road, Woodside, CA 94062
              <br />
            </div>
          </div>
          <div
            class="text-gray-500 flex gap-4 items-start grayscale"
          >
            <svg />
            <svg />
            <svg />
            <svg />
            <svg />
            <svg />
          </div>
        </div>
      </div>
    </div>
  </main>
</div>
`;
